CHINESE_CHEONGAN
CHINESE_GANJI
CHINESE_GAPJA_UNIT
INTERCALATION_STR
KOREAN_CHEONGAN
KOREAN_GANJI
KOREAN_GAPJA_UNIT
KOREAN_LUNAR_BASE_YEAR
KOREAN_LUNAR_DATA
KOREAN_LUNAR_MAX_VALUE
KOREAN_LUNAR_MIN_VALUE
KOREAN_SOLAR_MAX_VALUE
KOREAN_SOLAR_MIN_VALUE
LUNAR_BIG_MONTH_DAY
LUNAR_SMALL_MONTH_DAY
LunarIsoFormat
SOLAR_BIG_YEAR_DAY
SOLAR_DAYS
SOLAR_LUNAR_DAY_DIFF
SOLAR_SMALL_YEAR_DAY
SolarIsoFormat
_KoreanLunarCalendar__checkValidDate
_KoreanLunarCalendar__gapjaDayInx
_KoreanLunarCalendar__gapjaMonthInx
_KoreanLunarCalendar__gapjaYearInx
_KoreanLunarCalendar__getGapJa
_KoreanLunarCalendar__getLunarAbsDays
_KoreanLunarCalendar__getLunarData
_KoreanLunarCalendar__getLunarDays
_KoreanLunarCalendar__getLunarDaysBeforeBaseMonth
_KoreanLunarCalendar__getLunarDaysBeforeBaseYear
_KoreanLunarCalendar__getLunarIntercalationMonth
_KoreanLunarCalendar__getSolarAbsDays
_KoreanLunarCalendar__getSolarDays
_KoreanLunarCalendar__getSolarDaysBeforeBaseMonth
_KoreanLunarCalendar__getSolarDaysBeforeBaseYear
_KoreanLunarCalendar__isSolarIntercalationYear
_KoreanLunarCalendar__setLunarDateBySolarDate
_KoreanLunarCalendar__setSolarDateByLunarDate
__class__
__delattr__
__dict__
__dir__
__doc__
__eq__
__firstlineno__
__format__
__ge__
__getattribute__
__getstate__
__gt__
__hash__
__init__
__init_subclass__
__le__
__lt__
__module__
__ne__
__new__
__reduce__
__reduce_ex__
__repr__
__setattr__
__sizeof__
__static_attributes__
__str__
__subclasshook__
__weakref__
getChineseGapJaString
getGapJaString
isIntercalation
lunarDay
lunarMonth
lunarYear
setLunarDate
setSolarDate
solarDay
solarMonth
solarYear
